  Task2Part2.cpp
C:\Users\akeja\source\repos\computer graphic\Task2Part2.cpp(79,19): warning C4267: инициализация: преобразование из "size_t" в "int"; возможна потеря данных
C:\Users\akeja\source\repos\computer graphic\Task2Part2.cpp(89,18): warning C4267: инициализация: преобразование из "size_t" в "int"; возможна потеря данных
C:\Users\akeja\source\repos\computer graphic\Task2Part2.cpp(91,28): warning C4267: инициализация: преобразование из "size_t" в "int"; возможна потеря данных
C:\Users\akeja\source\repos\computer graphic\Task2Part2.cpp(96,29): warning C4267: инициализация: преобразование из "size_t" в "int"; возможна потеря данных
C:\Users\akeja\source\repos\computer graphic\Task2Part2.cpp(101,21): warning C4267: инициализация: преобразование из "size_t" в "int"; возможна потеря данных
glfw3.lib(init.obj) : warning LNK4099: "glfw3.pdb" PDB не найден с "glfw3.lib(init.obj)" или на "C:\Users\akeja\source\repos\computer graphic\x64\Debug\glfw3.pdb"; компоновка объекта выполняется как при отсутствии отладочных данных
glfw3.lib(window.obj) : warning LNK4099: "glfw3.pdb" PDB не найден с "glfw3.lib(window.obj)" или на "C:\Users\akeja\source\repos\computer graphic\x64\Debug\glfw3.pdb"; компоновка объекта выполняется как при отсутствии отладочных данных
glfw3.lib(input.obj) : warning LNK4099: "glfw3.pdb" PDB не найден с "glfw3.lib(input.obj)" или на "C:\Users\akeja\source\repos\computer graphic\x64\Debug\glfw3.pdb"; компоновка объекта выполняется как при отсутствии отладочных данных
glfw3.lib(context.obj) : warning LNK4099: "glfw3.pdb" PDB не найден с "glfw3.lib(context.obj)" или на "C:\Users\akeja\source\repos\computer graphic\x64\Debug\glfw3.pdb"; компоновка объекта выполняется как при отсутствии отладочных данных
glfw3.lib(win32_time.obj) : warning LNK4099: "glfw3.pdb" PDB не найден с "glfw3.lib(win32_time.obj)" или на "C:\Users\akeja\source\repos\computer graphic\x64\Debug\glfw3.pdb"; компоновка объекта выполняется как при отсутствии отладочных данных
glfw3.lib(win32_thread.obj) : warning LNK4099: "glfw3.pdb" PDB не найден с "glfw3.lib(win32_thread.obj)" или на "C:\Users\akeja\source\repos\computer graphic\x64\Debug\glfw3.pdb"; компоновка объекта выполняется как при отсутствии отладочных данных
glfw3.lib(platform.obj) : warning LNK4099: "glfw3.pdb" PDB не найден с "glfw3.lib(platform.obj)" или на "C:\Users\akeja\source\repos\computer graphic\x64\Debug\glfw3.pdb"; компоновка объекта выполняется как при отсутствии отладочных данных
glfw3.lib(monitor.obj) : warning LNK4099: "glfw3.pdb" PDB не найден с "glfw3.lib(monitor.obj)" или на "C:\Users\akeja\source\repos\computer graphic\x64\Debug\glfw3.pdb"; компоновка объекта выполняется как при отсутствии отладочных данных
glfw3.lib(vulkan.obj) : warning LNK4099: "glfw3.pdb" PDB не найден с "glfw3.lib(vulkan.obj)" или на "C:\Users\akeja\source\repos\computer graphic\x64\Debug\glfw3.pdb"; компоновка объекта выполняется как при отсутствии отладочных данных
glfw3.lib(win32_init.obj) : warning LNK4099: "glfw3.pdb" PDB не найден с "glfw3.lib(win32_init.obj)" или на "C:\Users\akeja\source\repos\computer graphic\x64\Debug\glfw3.pdb"; компоновка объекта выполняется как при отсутствии отладочных данных
glfw3.lib(null_init.obj) : warning LNK4099: "glfw3.pdb" PDB не найден с "glfw3.lib(null_init.obj)" или на "C:\Users\akeja\source\repos\computer graphic\x64\Debug\glfw3.pdb"; компоновка объекта выполняется как при отсутствии отладочных данных
glfw3.lib(win32_module.obj) : warning LNK4099: "glfw3.pdb" PDB не найден с "glfw3.lib(win32_module.obj)" или на "C:\Users\akeja\source\repos\computer graphic\x64\Debug\glfw3.pdb"; компоновка объекта выполняется как при отсутствии отладочных данных
glfw3.lib(win32_monitor.obj) : warning LNK4099: "glfw3.pdb" PDB не найден с "glfw3.lib(win32_monitor.obj)" или на "C:\Users\akeja\source\repos\computer graphic\x64\Debug\glfw3.pdb"; компоновка объекта выполняется как при отсутствии отладочных данных
glfw3.lib(win32_window.obj) : warning LNK4099: "glfw3.pdb" PDB не найден с "glfw3.lib(win32_window.obj)" или на "C:\Users\akeja\source\repos\computer graphic\x64\Debug\glfw3.pdb"; компоновка объекта выполняется как при отсутствии отладочных данных
glfw3.lib(win32_joystick.obj) : warning LNK4099: "glfw3.pdb" PDB не найден с "glfw3.lib(win32_joystick.obj)" или на "C:\Users\akeja\source\repos\computer graphic\x64\Debug\glfw3.pdb"; компоновка объекта выполняется как при отсутствии отладочных данных
glfw3.lib(wgl_context.obj) : warning LNK4099: "glfw3.pdb" PDB не найден с "glfw3.lib(wgl_context.obj)" или на "C:\Users\akeja\source\repos\computer graphic\x64\Debug\glfw3.pdb"; компоновка объекта выполняется как при отсутствии отладочных данных
glfw3.lib(egl_context.obj) : warning LNK4099: "glfw3.pdb" PDB не найден с "glfw3.lib(egl_context.obj)" или на "C:\Users\akeja\source\repos\computer graphic\x64\Debug\glfw3.pdb"; компоновка объекта выполняется как при отсутствии отладочных данных
glfw3.lib(osmesa_context.obj) : warning LNK4099: "glfw3.pdb" PDB не найден с "glfw3.lib(osmesa_context.obj)" или на "C:\Users\akeja\source\repos\computer graphic\x64\Debug\glfw3.pdb"; компоновка объекта выполняется как при отсутствии отладочных данных
glfw3.lib(null_monitor.obj) : warning LNK4099: "glfw3.pdb" PDB не найден с "glfw3.lib(null_monitor.obj)" или на "C:\Users\akeja\source\repos\computer graphic\x64\Debug\glfw3.pdb"; компоновка объекта выполняется как при отсутствии отладочных данных
glfw3.lib(null_window.obj) : warning LNK4099: "glfw3.pdb" PDB не найден с "glfw3.lib(null_window.obj)" или на "C:\Users\akeja\source\repos\computer graphic\x64\Debug\glfw3.pdb"; компоновка объекта выполняется как при отсутствии отладочных данных
glfw3.lib(null_joystick.obj) : warning LNK4099: "glfw3.pdb" PDB не найден с "glfw3.lib(null_joystick.obj)" или на "C:\Users\akeja\source\repos\computer graphic\x64\Debug\glfw3.pdb"; компоновка объекта выполняется как при отсутствии отладочных данных
  computer graphic.vcxproj -> C:\Users\akeja\source\repos\computer graphic\x64\Debug\computer graphic.exe
